// Jest Snapshot v1, https://goo.gl/fbAQLP

exports[`Movie List renders correctly 1`] = `
<div>
  <div
    class="grid grid-cols-1 sm:grid-cols-2 md:grid-cols-3 xl:grid-cols-4 gap-8"
    data-testid="movie-list"
  />
</div>
`;
